[creativelayers.net/themes/techno-html/index-v7.html]
[backblue.gif]
[fade.gif]
[index.html]
[creativelayers.net/themes/techno-html/stylesheets/bootstrap.min.css]
[creativelayers.net/themes/techno-html/stylesheets/style.css]
[creativelayers.net/themes/techno-html/stylesheets/responsive.css]
[creativelayers.net/themes/techno-html/favicon/favicon.png]
[creativelayers.net/themes/techno-html/faq.html]
[creativelayers.net/themes/techno-html/store-location.html]
[creativelayers.net/themes/techno-html/order-tracking.html]
[creativelayers.net/themes/techno-html/wishlist.html]
[creativelayers.net/themes/techno-html/shop-cart.html]
[creativelayers.net/themes/techno-html/my-account.html]
[creativelayers.net/themes/techno-html/shop-checkout.html]
[creativelayers.net/themes/techno-html/index.html]
[creativelayers.net/themes/techno-html/images/logos/logo.png]
[creativelayers.net/themes/techno-html/index-v2.html]
[creativelayers.net/themes/techno-html/index-v3.html]
[creativelayers.net/themes/techno-html/index-v4.html]
[creativelayers.net/themes/techno-html/index-v5.html]
[creativelayers.net/themes/techno-html/index-v6.html]
[creativelayers.net/themes/techno-html/index-v8.html]
[creativelayers.net/themes/techno-html/index-v9.html]
[creativelayers.net/themes/techno-html/index-v10.html]
[creativelayers.net/themes/techno-html/shop.html]
[creativelayers.net/themes/techno-html/shop-v2.html]
[creativelayers.net/themes/techno-html/shop-v3.html]
[creativelayers.net/themes/techno-html/shop-v4.html]
[creativelayers.net/themes/techno-html/shop-v5.html]
[creativelayers.net/themes/techno-html/images/banner_boxes/submenu-01.png]
[creativelayers.net/themes/techno-html/images/banner_boxes/submenu-02.png]
[creativelayers.net/themes/techno-html/about.html]
[creativelayers.net/themes/techno-html/404.html]
[creativelayers.net/themes/techno-html/brands.html]
[creativelayers.net/themes/techno-html/categories.html]
[creativelayers.net/themes/techno-html/categories-v2.html]
[creativelayers.net/themes/techno-html/element.html]
[creativelayers.net/themes/techno-html/term-condition.html]
[creativelayers.net/themes/techno-html/single-product.html]
[creativelayers.net/themes/techno-html/single-product-v2.html]
[creativelayers.net/themes/techno-html/single-product-v3.html]
[creativelayers.net/themes/techno-html/single-product-v4.html]
[creativelayers.net/themes/techno-html/single-product-v5.html]
[creativelayers.net/themes/techno-html/blog.html]
[creativelayers.net/themes/techno-html/blog-v2.html]
[creativelayers.net/themes/techno-html/blog-v3.html]
[creativelayers.net/themes/techno-html/blog-v4.html]
[creativelayers.net/themes/techno-html/blog-v5.html]
[creativelayers.net/themes/techno-html/blog-single.html]
[creativelayers.net/themes/techno-html/contact.html]
[creativelayers.net/themes/techno-html/contact-v2.html]
[creativelayers.net/themes/techno-html/images/icons/call-3.png]
[creativelayers.net/themes/techno-html/images/icons/menu/01.png]
[creativelayers.net/themes/techno-html/images/icons/right-2.png]
[creativelayers.net/themes/techno-html/images/banner_boxes/menu-01.png]
[creativelayers.net/themes/techno-html/images/banner_boxes/menu-02.png]
[creativelayers.net/themes/techno-html/images/banner_boxes/menu-03.png]
[creativelayers.net/themes/techno-html/images/icons/menu/02.png]
[creativelayers.net/themes/techno-html/images/icons/menu/03.png]
[creativelayers.net/themes/techno-html/images/icons/menu/04.png]
[creativelayers.net/themes/techno-html/images/icons/menu/05.png]
[creativelayers.net/themes/techno-html/images/icons/menu/06.png]
[creativelayers.net/themes/techno-html/images/icons/menu/07.png]
[creativelayers.net/themes/techno-html/images/icons/menu/08.png]
[creativelayers.net/themes/techno-html/images/icons/menu/09.png]
[creativelayers.net/themes/techno-html/images/icons/menu/10.png]
[creativelayers.net/themes/techno-html/images/icons/search-2.png]
[creativelayers.net/themes/techno-html/images/product/other/s05.jpg]
[creativelayers.net/themes/techno-html/images/product/other/s06.jpg]
[creativelayers.net/themes/techno-html/images/product/other/14.jpg]
[creativelayers.net/themes/techno-html/images/product/other/02.jpg]
[creativelayers.net/themes/techno-html/images/product/other/l01.jpg]
[creativelayers.net/themes/techno-html/images/product/other/s08.jpg]
[creativelayers.net/themes/techno-html/images/icons/compare-2.png]
[creativelayers.net/themes/techno-html/images/icons/wishlist-2.png]
[creativelayers.net/themes/techno-html/images/icons/add-cart.png]
[creativelayers.net/themes/techno-html/images/product/other/img-cart-1.jpg]
[creativelayers.net/themes/techno-html/images/product/other/img-cart-2.jpg]
[creativelayers.net/themes/techno-html/images/slider/08.png]
[creativelayers.net/themes/techno-html/images/product/other/01.jpg]
[creativelayers.net/themes/techno-html/images/icons/compare.png]
[creativelayers.net/themes/techno-html/images/icons/wishlist.png]
[creativelayers.net/themes/techno-html/images/product/other/05.jpg]
[creativelayers.net/themes/techno-html/images/product/other/06.jpg]
[creativelayers.net/themes/techno-html/images/product/other/03.jpg]
[creativelayers.net/themes/techno-html/images/product/other/07.jpg]
[creativelayers.net/themes/techno-html/images/product/other/04.jpg]
[creativelayers.net/themes/techno-html/images/product/other/08.jpg]
[creativelayers.net/themes/techno-html/images/product/other/09.jpg]
[creativelayers.net/themes/techno-html/images/product/other/l02.jpg]
[creativelayers.net/themes/techno-html/images/product/other/l04.jpg]
[creativelayers.net/themes/techno-html/images/product/other/l03.jpg]
[creativelayers.net/themes/techno-html/images/product/other/l05.jpg]
[creativelayers.net/themes/techno-html/images/product/other/s01.jpg]
[creativelayers.net/themes/techno-html/images/product/other/s04.jpg]
[creativelayers.net/themes/techno-html/images/product/other/s02.jpg]
[creativelayers.net/themes/techno-html/images/product/other/s03.jpg]
[creativelayers.net/themes/techno-html/images/product/other/l06.jpg]
[creativelayers.net/themes/techno-html/images/product/other/10.jpg]
[creativelayers.net/themes/techno-html/images/product/other/11.jpg]
[creativelayers.net/themes/techno-html/images/product/other/12.jpg]
[creativelayers.net/themes/techno-html/images/product/other/13.jpg]
[creativelayers.net/themes/techno-html/images/product/highlights/10.jpg]
[creativelayers.net/themes/techno-html/images/product/highlights/9.jpg]
[creativelayers.net/themes/techno-html/images/product/highlights/8.jpg]
[creativelayers.net/themes/techno-html/images/product/highlights/3.jpg]
[creativelayers.net/themes/techno-html/images/product/highlights/2.jpg]
[creativelayers.net/themes/techno-html/images/product/highlights/1.jpg]
[creativelayers.net/themes/techno-html/images/product/highlights/19.jpg]
[creativelayers.net/themes/techno-html/images/product/highlights/11.jpg]
[creativelayers.net/themes/techno-html/images/product/highlights/20.jpg]
[creativelayers.net/themes/techno-html/images/icons/car.png]
[creativelayers.net/themes/techno-html/images/icons/order.png]
[creativelayers.net/themes/techno-html/images/icons/payment.png]
[creativelayers.net/themes/techno-html/images/icons/return.png]
[creativelayers.net/themes/techno-html/images/logos/logo-ft.png]
[creativelayers.net/themes/techno-html/images/icons/call.png]
[creativelayers.net/themes/techno-html/images/logos/ft-01.png]
[creativelayers.net/themes/techno-html/images/logos/ft-02.png]
[creativelayers.net/themes/techno-html/images/logos/ft-03.png]
[creativelayers.net/themes/techno-html/images/logos/ft-04.png]
[creativelayers.net/themes/techno-html/images/logos/ft-05.png]
[creativelayers.net/themes/techno-html/images/icons/app-store.png]
[creativelayers.net/themes/techno-html/images/icons/google-play.png]
[creativelayers.net/themes/techno-html/images/icons/top.png]
[creativelayers.net/themes/techno-html/javascript/jquery.min.js]
[creativelayers.net/themes/techno-html/javascript/tether.min.js]
[creativelayers.net/themes/techno-html/javascript/bootstrap.min.js]
[creativelayers.net/themes/techno-html/javascript/waypoints.min.js]
[creativelayers.net/themes/techno-html/javascript/jquery.circlechart.js]
[creativelayers.net/themes/techno-html/javascript/easing.js]
[creativelayers.net/themes/techno-html/javascript/jquery.zoom.min.js]
[creativelayers.net/themes/techno-html/javascript/jquery.flexslider-min.js]
[creativelayers.net/themes/techno-html/javascript/owl.carousel.js]
[creativelayers.net/themes/techno-html/javascript/smoothscroll.js]
[creativelayers.net/themes/techno-html/javascript/jquery.mCustomScrollbar.js]
[creativelayers.net/themes/techno-html/javascript/jquery-ui.js]
[creativelayers.net/themes/techno-html/javascript/gmap3.min.js]
[creativelayers.net/themes/techno-html/javascript/waves.min.js]
[creativelayers.net/themes/techno-html/javascript/jquery.countdown.js]
[creativelayers.net/themes/techno-html/javascript/main.js]
[creativelayers.net/themes/techno-html/index-v7.html]
[creativelayers.net/themes/techno-html/stylesheets/bootstrap.min.css]
[creativelayers.net/themes/techno-html/stylesheets/font-awesome.css]
[creativelayers.net/themes/techno-html/stylesheets/flexslider.css]
[creativelayers.net/themes/techno-html/stylesheets/owl.carousel.css]
[creativelayers.net/themes/techno-html/stylesheets/shortcodes.css]
[creativelayers.net/themes/techno-html/stylesheets/jquery-ui.css]
[creativelayers.net/themes/techno-html/stylesheets/waves.min.css]
[creativelayers.net/themes/techno-html/stylesheets/cloud-zoom.css]
[creativelayers.net/themes/techno-html/stylesheets/mCustomScrollbar.css]
[creativelayers.net/themes/techno-html/images/slider/bg-ft.jpg]
[creativelayers.net/themes/techno-html/stylesheets/style.css]
[creativelayers.net/themes/techno-html/stylesheets/responsive.css]
[creativelayers.net/themes/techno-html/images/icons/search.png]
[creativelayers.net/themes/techno-html/compare.html]
[creativelayers.net/themes/techno-html/images/icons/cart.png]
[creativelayers.net/themes/techno-html/images/icons/arrow-right.png]
[creativelayers.net/themes/techno-html/faq.html]
[creativelayers.net/themes/techno-html/images/icons/address-2.png]
[creativelayers.net/themes/techno-html/images/about/location-1.jpg]
[creativelayers.net/themes/techno-html/store-location.html]
[creativelayers.net/themes/techno-html/order-tracking.html]
[creativelayers.net/themes/techno-html/images/icons/delete.png]
[creativelayers.net/themes/techno-html/wishlist.html]
[creativelayers.net/themes/techno-html/shop-cart.html]
[creativelayers.net/themes/techno-html/my-account.html]
[creativelayers.net/themes/techno-html/shop-checkout.html]
[creativelayers.net/themes/techno-html/images/banner_boxes/popup.png]
[creativelayers.net/themes/techno-html/images/slider/03.png]
[creativelayers.net/themes/techno-html/images/slider/01.png]
[creativelayers.net/themes/techno-html/images/banner_boxes/home-01.jpg]
[creativelayers.net/themes/techno-html/images/banner_boxes/home-05.jpg]
[creativelayers.net/themes/techno-html/images/banner_boxes/home-04.jpg]
[creativelayers.net/themes/techno-html/images/banner_boxes/home-03.jpg]
[creativelayers.net/themes/techno-html/index.html]
[creativelayers.net/themes/techno-html/images/slider/05.png]
[creativelayers.net/themes/techno-html/images/slider/02.png]
[creativelayers.net/themes/techno-html/images/banner_boxes/banner-3.png]
[creativelayers.net/themes/techno-html/images/banner_boxes/banner-4.png]
[creativelayers.net/themes/techno-html/images/banner_boxes/banner-5.png]
[creativelayers.net/themes/techno-html/images/banner_boxes/05.png]
[creativelayers.net/themes/techno-html/index-v2.html]
[creativelayers.net/themes/techno-html/images/banner_boxes/02.png]
[creativelayers.net/themes/techno-html/images/banner_boxes/01.png]
[creativelayers.net/themes/techno-html/images/banner_boxes/03.png]
[creativelayers.net/themes/techno-html/images/product/flexslider/thumb/s07.jpg]
[creativelayers.net/themes/techno-html/images/product/flexslider/02.jpg]
[creativelayers.net/themes/techno-html/images/product/flexslider/thumb/6.jpg]
[creativelayers.net/themes/techno-html/images/product/flexslider/thumb/2.jpg]
[creativelayers.net/themes/techno-html/images/product/other/l07.jpg]
[creativelayers.net/themes/techno-html/images/banner_boxes/04.jpg]
[creativelayers.net/themes/techno-html/images/product/other/s07.jpg]
[creativelayers.net/themes/techno-html/images/product/other/15.jpg]
[creativelayers.net/themes/techno-html/images/product/other/16.jpg]
[creativelayers.net/themes/techno-html/index-v3.html]
[creativelayers.net/themes/techno-html/images/blog/14.jpg]
[creativelayers.net/themes/techno-html/images/blog/13.jpg]
[creativelayers.net/themes/techno-html/images/blog/12.jpg]
[creativelayers.net/themes/techno-html/images/banner_boxes/06.png]
[creativelayers.net/themes/techno-html/images/logos/brand2.png]
[creativelayers.net/themes/techno-html/images/logos/brand5.png]
[creativelayers.net/themes/techno-html/images/logos/brand6.png]
[creativelayers.net/themes/techno-html/images/logos/brand3.png]
[creativelayers.net/themes/techno-html/images/logos/brand4.png]
[creativelayers.net/themes/techno-html/images/logos/brand7.png]
[creativelayers.net/themes/techno-html/images/logos/logo-ft02.png]
[creativelayers.net/themes/techno-html/images/icons/call-2.png]
[creativelayers.net/themes/techno-html/images/logos/ft-06.png]
[creativelayers.net/themes/techno-html/images/logos/ft-07.png]
[creativelayers.net/themes/techno-html/images/logos/ft-08.png]
[creativelayers.net/themes/techno-html/images/logos/ft-09.png]
[creativelayers.net/themes/techno-html/images/logos/ft-10.png]
[creativelayers.net/themes/techno-html/images/icons/app-store-2.png]
[creativelayers.net/themes/techno-html/images/icons/google-play-2.png]
[creativelayers.net/themes/techno-html/index-v4.html]
[creativelayers.net/themes/techno-html/images/icons/right-3.png]
[creativelayers.net/themes/techno-html/images/slider/07.png]
[creativelayers.net/themes/techno-html/images/icons/mail.png]
[creativelayers.net/themes/techno-html/index-v5.html]
[creativelayers.net/themes/techno-html/images/slider/10.png]
[creativelayers.net/themes/techno-html/images/banner_boxes/home-06.jpg]
[creativelayers.net/themes/techno-html/images/banner_boxes/home-09.jpg]
[creativelayers.net/themes/techno-html/images/banner_boxes/home-07.jpg]
[creativelayers.net/themes/techno-html/images/banner_boxes/home-10.jpg]
[creativelayers.net/themes/techno-html/images/banner_boxes/home-08.jpg]
[creativelayers.net/themes/techno-html/images/product/other/17.jpg]
[creativelayers.net/themes/techno-html/images/product/other/19.jpg]
[creativelayers.net/themes/techno-html/images/product/other/18.jpg]
[creativelayers.net/themes/techno-html/images/product/other/l08.jpg]
[creativelayers.net/themes/techno-html/images/product/other/20.jpg]
[creativelayers.net/themes/techno-html/index-v6.html]
[creativelayers.net/themes/techno-html/images/logos/logo-2.png]
[creativelayers.net/themes/techno-html/index-v8.html]
[creativelayers.net/themes/techno-html/images/slider/09.jpg]
[creativelayers.net/themes/techno-html/images/banner_boxes/home-11.jpg]
[creativelayers.net/themes/techno-html/index-v9.html]
[creativelayers.net/themes/techno-html/stylesheets/colors/color2.css]
[creativelayers.net/themes/techno-html/images/banner_boxes/home-12.jpg]
[creativelayers.net/themes/techno-html/images/banner_boxes/home-13.jpg]
[creativelayers.net/themes/techno-html/images/banner_boxes/home-15.jpg]
[creativelayers.net/themes/techno-html/images/banner_boxes/home-14.jpg]
[creativelayers.net/themes/techno-html/images/logos/logo-3.png]
[creativelayers.net/themes/techno-html/index-v10.html]
[creativelayers.net/themes/techno-html/images/banner_boxes/07.png]
[creativelayers.net/themes/techno-html/images/icons/list-1.png]
[creativelayers.net/themes/techno-html/images/icons/list-2.png]
[creativelayers.net/themes/techno-html/images/product/other/01-v3.jpg]
[creativelayers.net/themes/techno-html/images/product/other/02-v3.jpg]
[creativelayers.net/themes/techno-html/images/product/other/03-v3.jpg]
[creativelayers.net/themes/techno-html/images/product/other/04-v3.jpg]
[creativelayers.net/themes/techno-html/images/icons/left-1.png]
[creativelayers.net/themes/techno-html/images/icons/right-1.png]
[creativelayers.net/themes/techno-html/shop.html]
[creativelayers.net/themes/techno-html/images/banner_boxes/08.png]
[creativelayers.net/themes/techno-html/shop-v2.html]
[creativelayers.net/themes/techno-html/shop-v3.html]
[creativelayers.net/themes/techno-html/shop-v4.html]
[creativelayers.net/themes/techno-html/shop-v5.html]
[creativelayers.net/themes/techno-html/images/about/01.jpg]
[creativelayers.net/themes/techno-html/images/about/02.jpg]
[creativelayers.net/themes/techno-html/images/about/03.jpg]
[creativelayers.net/themes/techno-html/images/about/04.jpg]
[creativelayers.net/themes/techno-html/images/team/01.jpg]
[creativelayers.net/themes/techno-html/images/team/02.jpg]
[creativelayers.net/themes/techno-html/images/team/03.jpg]
[creativelayers.net/themes/techno-html/images/team/04.jpg]
[creativelayers.net/themes/techno-html/images/testimonial/01.jpg]
[creativelayers.net/themes/techno-html/about.html]
[creativelayers.net/themes/techno-html/images/banner_boxes/error.png]
[creativelayers.net/themes/techno-html/404.html]
[creativelayers.net/themes/techno-html/javascript/isotope.pkgd.min.js]
[creativelayers.net/themes/techno-html/javascript/imagesloaded.pkgd.min.js]
[creativelayers.net/themes/techno-html/brands.html]
[creativelayers.net/themes/techno-html/categories.html]
[creativelayers.net/themes/techno-html/categories-v2.html]
[creativelayers.net/themes/techno-html/element.html]
[creativelayers.net/themes/techno-html/term-condition.html]
[creativelayers.net/themes/techno-html/images/product/flexslider/big-size.jpg]
[creativelayers.net/themes/techno-html/images/product/flexslider/thumb/3.jpg]
[creativelayers.net/themes/techno-html/images/product/flexslider/thumb/4.jpg]
[creativelayers.net/themes/techno-html/images/product/flexslider/thumb/5.jpg]
[creativelayers.net/themes/techno-html/images/product/single/01.png]
[creativelayers.net/themes/techno-html/images/product/single/line-1.png]
[creativelayers.net/themes/techno-html/images/product/single/06.png]
[creativelayers.net/themes/techno-html/images/product/single/line-2.png]
[creativelayers.net/themes/techno-html/images/product/single/04.png]
[creativelayers.net/themes/techno-html/single-product.html]
[creativelayers.net/themes/techno-html/images/product/single/02.jpg]
[creativelayers.net/themes/techno-html/images/product/single/05.jpg]
[creativelayers.net/themes/techno-html/images/product/single/03.jpg]
[creativelayers.net/themes/techno-html/single-product-v2.html]
[creativelayers.net/themes/techno-html/single-product-v3.html]
[creativelayers.net/themes/techno-html/single-product-v4.html]
[creativelayers.net/themes/techno-html/single-product-v5.html]
[creativelayers.net/themes/techno-html/images/blog/post-01.jpg]
[creativelayers.net/themes/techno-html/images/blog/post-02.jpg]
[creativelayers.net/themes/techno-html/images/blog/post-03.jpg]
[creativelayers.net/themes/techno-html/blog.html]
[creativelayers.net/themes/techno-html/blog-v2.html]
[creativelayers.net/themes/techno-html/images/blog/01.jpg]
[creativelayers.net/themes/techno-html/images/blog/02.jpg]
[creativelayers.net/themes/techno-html/images/blog/03.jpg]
[creativelayers.net/themes/techno-html/images/blog/04.jpg]
[creativelayers.net/themes/techno-html/blog-v3.html]
[creativelayers.net/themes/techno-html/images/blog/05.jpg]
[creativelayers.net/themes/techno-html/images/blog/06.jpg]
[creativelayers.net/themes/techno-html/images/blog/07.jpg]
[creativelayers.net/themes/techno-html/images/blog/08.jpg]
[creativelayers.net/themes/techno-html/blog-v4.html]
[creativelayers.net/themes/techno-html/images/blog/09.jpg]
[creativelayers.net/themes/techno-html/images/blog/10.jpg]
[creativelayers.net/themes/techno-html/images/blog/11.jpg]
[creativelayers.net/themes/techno-html/blog-v5.html]
[creativelayers.net/themes/techno-html/images/blog/comment-01.jpg]
[creativelayers.net/themes/techno-html/images/blog/comment-02.jpg]
[creativelayers.net/themes/techno-html/images/blog/comment-03.jpg]
[creativelayers.net/themes/techno-html/blog-single.html]
[creativelayers.net/themes/techno-html/images/icons/address.png]
[creativelayers.net/themes/techno-html/images/icons/phone.png]
[creativelayers.net/themes/techno-html/images/icons/mail-2.png]
[creativelayers.net/themes/techno-html/images/icons/share.png]
[creativelayers.net/themes/techno-html/contact.html]
[creativelayers.net/themes/techno-html/contact-v2.html]
[creativelayers.net/themes/techno-html/fonts/fontawesome-webfont3e6e.eot]
[creativelayers.net/themes/techno-html/fonts/fontawesome-webfontd41d.eot]
[creativelayers.net/themes/techno-html/fonts/fontawesome-webfont3e6e.woff2]
[creativelayers.net/themes/techno-html/fonts/fontawesome-webfont3e6e.woff]
[creativelayers.net/themes/techno-html/fonts/fontawesome-webfont3e6e.ttf]
[creativelayers.net/themes/techno-html/stylesheets/font-awesome.css]
[creativelayers.net/themes/techno-html/stylesheets/flexslider.css]
[creativelayers.net/themes/techno-html/stylesheets/owl.carousel.css]
[creativelayers.net/themes/techno-html/images/slider/bg-1.png]
[creativelayers.net/themes/techno-html/stylesheets/shortcodes.css]
[creativelayers.net/themes/techno-html/stylesheets/jquery-ui.css]
[creativelayers.net/themes/techno-html/stylesheets/waves.min.css]
[creativelayers.net/themes/techno-html/stylesheets/cloud-zoom.css]
[creativelayers.net/themes/techno-html/stylesheets/mCustomScrollbar.css]
[creativelayers.net/themes/techno-html/compare.html]
[creativelayers.net/themes/techno-html/stylesheets/colors/color2.css]
[creativelayers.net/themes/techno-html/fonts/fontawesome-webfont3e6e.svg]
[creativelayers.net/themes/techno-html/stylesheets/fonts/flexslider-icon.html]
[creativelayers.net/themes/techno-html/stylesheets/fonts/flexslider-icond41d.html]
[creativelayers.net/themes/techno-html/stylesheets/fonts/flexslider-icon-2.html]
[creativelayers.net/themes/techno-html/stylesheets/fonts/flexslider-icon-3.html]
[creativelayers.net/themes/techno-html/stylesheets/fonts/flexslider-icon-4.html]
[creativelayers.net/themes/techno-html/stylesheets/owl.video.play.html]
[creativelayers.net/themes/techno-html/stylesheets/images/ui-icons_444444_256x240.html]
[creativelayers.net/themes/techno-html/stylesheets/images/ui-icons_555555_256x240.html]
[creativelayers.net/themes/techno-html/stylesheets/images/ui-icons_ffffff_256x240.html]
[creativelayers.net/themes/techno-html/stylesheets/images/ui-icons_777620_256x240.html]
[creativelayers.net/themes/techno-html/stylesheets/images/ui-icons_cc0000_256x240.html]
[creativelayers.net/themes/techno-html/stylesheets/images/ui-icons_777777_256x240.html]
[creativelayers.net/themes/techno-html/stylesheets/mCSB_buttons.html]
